<!DOCTYPE html>
<html lang="en">
<head>
	<meta charset="UTF-8">
	<title>Golden Studio</title>
	<link href="css/styles.css" rel="stylesheet">
	<link href="https://fonts.googleapis.com/css?family=Cookie" rel="stylesheet">
	<link href="https://fonts.googleapis.com/css?family=Montserrat:300,400,600,700&amp;subset=cyrillic" rel="stylesheet">
	<link href="https://fonts.googleapis.com/css?family=Vollkorn:400,400i" rel="stylesheet">
	<link href="https://fonts.googleapis.com/css?family=Roboto+Slab&amp;subset=cyrillic-ext" rel="stylesheet">
</head>
<body>
	<header>
		<div class="wrap">
			<p class="logo">Golden</p>
			<nav>
				<ul>
					<li>
						<a href="">Home</a>
					</li>
					<li>
						<a href="">Services</a>
					</li>
					<li>
						<a href="">Portfolio</a>
					</li>
					<li>
						<a href="">About</a>
					</li>
					<li>
						<a href="">Contact</a>
					</li>
				</ul>
			</nav>
			<h1>Welcome to our studio!</h1>
			<p class="title">It's nice to meet you</p>
			<a class="link" href="">Tell me more</a>
		</div>
	</header>

	<section id="services">
		<div class="wrap">
			<h2>Services</h2>
			<p class="subtitle">Proin iaculis purus consequat sem cure.</p>
			<div class="service">
				<div class="service-commerce"></div>
				<h3>E-commerce</h3>
				<p>Proin iaculis purus consequat sem cure digni ssim. Donec porttitora entum suscipit aenean rhoncus posuere odio in tincidunt.</p>
			</div>
			<div class="service center">
				<div class="service-web"></div>
				<h3>Responsive web</h3>
				<p>Proin iaculis purus consequat sem cure digni ssim. Donec porttitora entum suscipit aenean rhoncus posuere odio in tincidunt.</p>
			</div>
			<div class="service">
				<div class="service-security"></div>
				<h3>Web security</h3>
				<p>Proin iaculis purus consequat sem cure digni ssim. Donec porttitora entum suscipit aenean rhoncus posuere odio in tincidunt.</p>
			</div>
		</div>
	</section>

	<section id="portfolio">
		<div class="wrap">
			<h2>Our portfolio</h2>
			<p class="subtitle">Proin iaculis purus consequat sem cure.</p>
			<div class="item">
				<a href="">
					<img src="img/image1.jpg" alt="">
					<h3>Ebony &amp; Ivory</h3>
					<p class="item-subtitle">Branding</p>
				</a>
			</div>
			<div class="item">
				<a href="">
					<img src="img/image2.jpg" alt="">
					<h3>Smart stationary</h3>
					<p class="item-subtitle">Print design</p>
				</a>
			</div>
			<div class="item">
				<a href="">
					<img src="img/image3.jpg" alt="">
					<h3>Clever poster</h3>
					<p class="item-subtitle">Print design</p>
				</a>
			</div>
			<div class="item">
				<a href="">
					<img src="img/image4.jpg" alt="">
					<h3>Vinyl record</h3>
					<p class="item-subtitle">Product mock-up</p>
        </a>
			</div>
			<div class="item">
				<a href="">
					<img src="img/image5.jpg" alt="">
					<h3>Treehouse template</h3>
					<p class="item-subtitle">Web design</p>
        </a>
			</div>
			<div class="item">
				<a href="">
					<img src="img/image6.jpg" alt="">
					<h3>Burned logo</h3>
					<p class="item-subtitle">Branding</p>
        </a>
			</div>
	  </div>
	</section>

	<section id="about">
		<div class="wrap">
			<h2>About us</h2>
			<p class="subtitle">Proin iaculis purus consequat sem cure.</p>
			<div class="wrap-items">
				<div class="about-item">
					<div class="about-left">
						<h4>July 2010</h4>
						<p class="about-item-subtitle">Our humble beginnings</p>
						<p>Proin iaculis purus consequat sem cure digni ssim. Donec porttitora entum suscipit aenean rhoncus posuere odio in tincidunt. Proin iaculis purus consequat sem cure digni ssim. Donec porttitora entum suscipit.</p>
					</div>
					<div class="about-center">
						<img src="img/about-img1.png" alt="">
					</div>
					<div class="about-right"></div>
				</div>
				<div class="about-item">
					<div class="about-left"></div>
					<div class="about-center">
						<img src="img/about-img2.png" alt="">
					</div>
					<div class="about-right">
						<h4>January 2011</h4>
						<p class="about-item-subtitle">Facing startup battles</p>
						<p>Proin iaculis purus consequat sem cure digni ssim. Donec porttitora entum suscipit aenean rhoncus posuere odio in tincidunt. Proin iaculis purus consequat sem cure digni ssim. Donec porttitora entum suscipit aenean rhoncus posuere odio in tincidunt.</p>
					</div>
				</div>
				<div class="about-item">
					<div class="about-left">
						<h4>December 2012</h4>
						<p class="about-item-subtitle">Enter the dark days</p>
						<p>Proin iaculis purus consequat sem cure digni ssim. Donec porttitora entum suscipit aenean rhoncus posuere odio in tincidunt. Proin iaculis purus consequat sem cure digni.</p>
					</div>
					<div class="about-center">
						<img src="img/about-img3.png" alt="">
					</div>
					<div class="about-right"></div>
				</div>
				<div class="about-item">
					<div class="about-left"></div>
					<div class="about-center">
						<img src="img/about-img4.png" alt="">
					</div>
					<div class="about-right">
						<h4>February 2014</h4>
						<p class="about-item-subtitle">Our triumph</p>
						<p>Proin iaculis purus consequat sem cure digni ssim. Donec porttitora entum suscipit aenean rhoncus posuere odio in tincidunt. Proin iaculis purus consequat sem cure digni ssim. Donec porttitora entum suscipit aenean.</p>
					</div>
				</div>
				<div class="about-item">
					<div class="about-center">
						<h4>Our story continues ...</h4>
					</div>
				</div>
			</div>
		</div>
	</section>

	<section id="team">
		<div class="wrap">
			<h2>Our amazing team</h2>
			<p class="subtitle">Proin iaculis purus consequat sem cure.</p>
			<div class="person">
				<div class="person-photo"></div>
				<p>Kimberly Thompson</p>
				<p class="prof">Marketer</p>
				<a href="">
					<div class="icon-twitter"></div>
				</a>
        <a href="">
					<div class="icon-facebook"></div>
				</a>
        <a href="">
					<div class="icon-pinterest"></div>
				</a>
			</div>
			<div class="person">
				<div class="person-photo"></div>
				<p>Rico Massimo</p>
				<p class="prof">Coder</p>
				<a href="">
					<div class="icon-twitter"></div>
				</a>
				<a href="">
					<div class="icon-facebook"></div>
				</a>
        <a href="">
					<div class="icon-google"></div>
				</a>
			</div>
			<div class="person">
				<div class="person-photo"></div>
				<p>Uku Mason</p>
				<p class="prof">Graphic designer</p>
				<a href="">
					<div class="icon-facebook"></div>
				</a>
				<a href="">
					<div class="icon-pinterest"></div>
				</a>
			</div>
			<p class="team-text">Proin iaculis purus consequat sem cure  digni ssim donec porttitora entum suscipit aenean rhoncus posuere odio in tincidunt proin iaculis.</p>
		</div>
	</section>

	<div class="logos">
		<img src="img/logo-partner1.jpg" alt="">
		<img src="img/logo-partner2.png" alt="">
		<img src="img/logo-partner3.jpg" alt="">
		<img src="img/logo-partner4.jpg" alt="">
	</div>

	<section id="contact">
		<div class="wrap">
			<h2>Contact us</h2>
			<p class="subtitle">Proin iaculis purus consequat sem cure.</p>
			<form action="send.php">
				<div class="fields">
					<div class="field">
						<input type="text" name="name" required placeholder="Your name *">
					</div>
					<div class="field">
						<input type="text" name="email" required placeholder="Your e-mail *">
					</div>
					<div class="field">
						<input type="text" name="subject" placeholder="Subject">
					</div>
				</div>
				<div class="fields">
					<textarea name="message" required placeholder="Your message *"></textarea>
				</div>
        <input type="submit" value="Send message">
			</form>
		</div>
	</section>

	<footer>
		<div class="wrap">
			<div class="copyright">
				<p>&copy; Copyright 2018 Golden</p>
			</div>
			<div class="social">
				<a href="">
					<div class="icon-twitter"></div>
				</a>
				<a href="">
					<div class="icon-facebook"></div>
				</a>
    		<a href="">
					<div class="icon-pinterest"></div>
				</a>
				<a href="">
					<div class="icon-google"></div>
				</a>
			</div>
		</div>
	</footer>
</body>
</html>